Archive member included to satisfy reference by file (symbol)

d:/newmounriver/mounriver/mounriver_studio/toolchain/risc-v embedded gcc/bin/../lib/gcc/riscv-none-embed/8.2.0/rv32imacxw/ilp32\libgcc.a(save-restore.o)
                              ./Peripheral/src/ch32x035_flash.o (__riscv_save_7)
d:/newmounriver/mounriver/mounriver_studio/toolchain/risc-v embedded gcc/bin/../lib/gcc/riscv-none-embed/8.2.0/../../../../riscv-none-embed/lib/rv32imacxw/ilp32\libg_nano.a(lib_a-nano-vfprintf_float.o)
                              (_printf_float)
d:/newmounriver/mounriver/mounriver_studio/toolchain/risc-v embedded gcc/bin/../lib/gcc/riscv-none-embed/8.2.0/../../../../riscv-none-embed/lib/rv32imacxw/ilp32\libg_nano.a(lib_a-nano-vfprintf_i.o)
                              d:/newmounriver/mounriver/mounriver_studio/toolchain/risc-v embedded gcc/bin/../lib/gcc/riscv-none-embed/8.2.0/../../../../riscv-none-embed/lib/rv32imacxw/ilp32\libg_nano.a(lib_a-nano-vfprintf_float.o) (_printf_common)
d:/newmounriver/mounriver/mounriver_studio/toolchain/risc-v embedded gcc/bin/../lib/gcc/riscv-none-embed/8.2.0/../../../../riscv-none-embed/lib/rv32imacxw/ilp32\libg_nano.a(lib_a-printf.o)
                              ./User/main.o (printf)
d:/newmounriver/mounriver/mounriver_studio/toolchain/risc-v embedded gcc/bin/../lib/gcc/riscv-none-embed/8.2.0/../../../../riscv-none-embed/lib/rv32imacxw/ilp32\libg_nano.a(lib_a-strlen.o)
                              d:/newmounriver/mounriver/mounriver_studio/toolchain/risc-v embedded gcc/bin/../lib/gcc/riscv-none-embed/8.2.0/../../../../riscv-none-embed/lib/rv32imacxw/ilp32\libg_nano.a(lib_a-nano-vfprintf_float.o) (strlen)
d:/newmounriver/mounriver/mounriver_studio/toolchain/risc-v embedded gcc/bin/../lib/gcc/riscv-none-embed/8.2.0/../../../../riscv-none-embed/lib/rv32imacxw/ilp32\libg_nano.a(lib_a-dtoa.o)
                              d:/newmounriver/mounriver/mounriver_studio/toolchain/risc-v embedded gcc/bin/../lib/gcc/riscv-none-embed/8.2.0/../../../../riscv-none-embed/lib/rv32imacxw/ilp32\libg_nano.a(lib_a-nano-vfprintf_float.o) (_dtoa_r)
d:/newmounriver/mounriver/mounriver_studio/toolchain/risc-v embedded gcc/bin/../lib/gcc/riscv-none-embed/8.2.0/../../../../riscv-none-embed/lib/rv32imacxw/ilp32\libg_nano.a(lib_a-findfp.o)
                              d:/newmounriver/mounriver/mounriver_studio/toolchain/risc-v embedded gcc/bin/../lib/gcc/riscv-none-embed/8.2.0/../../../../riscv-none-embed/lib/rv32imacxw/ilp32\libg_nano.a(lib_a-printf.o) (__sinit)
d:/newmounriver/mounriver/mounriver_studio/toolchain/risc-v embedded gcc/bin/../lib/gcc/riscv-none-embed/8.2.0/../../../../riscv-none-embed/lib/rv32imacxw/ilp32\libg_nano.a(lib_a-fwalk.o)
                              d:/newmounriver/mounriver/mounriver_studio/toolchain/risc-v embedded gcc/bin/../lib/gcc/riscv-none-embed/8.2.0/../../../../riscv-none-embed/lib/rv32imacxw/ilp32\libg_nano.a(lib_a-findfp.o) (_fwalk)
d:/newmounriver/mounriver/mounriver_studio/toolchain/risc-v embedded gcc/bin/../lib/gcc/riscv-none-embed/8.2.0/../../../../riscv-none-embed/lib/rv32imacxw/ilp32\libg_nano.a(lib_a-impure.o)
                              d:/newmounriver/mounriver/mounriver_studio/toolchain/risc-v embedded gcc/bin/../lib/gcc/riscv-none-embed/8.2.0/../../../../riscv-none-embed/lib/rv32imacxw/ilp32\libg_nano.a(lib_a-findfp.o) (_global_impure_ptr)
d:/newmounriver/mounriver/mounriver_studio/toolchain/risc-v embedded gcc/bin/../lib/gcc/riscv-none-embed/8.2.0/../../../../riscv-none-embed/lib/rv32imacxw/ilp32\libg_nano.a(lib_a-localeconv.o)
                              d:/newmounriver/mounriver/mounriver_studio/toolchain/risc-v embedded gcc/bin/../lib/gcc/riscv-none-embed/8.2.0/../../../../riscv-none-embed/lib/rv32imacxw/ilp32\libg_nano.a(lib_a-nano-vfprintf_float.o) (_localeconv_r)
d:/newmounriver/mounriver/mounriver_studio/toolchain/risc-v embedded gcc/bin/../lib/gcc/riscv-none-embed/8.2.0/../../../../riscv-none-embed/lib/rv32imacxw/ilp32\libg_nano.a(lib_a-malloc.o)
                              d:/newmounriver/mounriver/mounriver_studio/toolchain/risc-v embedded gcc/bin/../lib/gcc/riscv-none-embed/8.2.0/../../../../riscv-none-embed/lib/rv32imacxw/ilp32\libg_nano.a(lib_a-dtoa.o) (malloc)
d:/newmounriver/mounriver/mounriver_studio/toolchain/risc-v embedded gcc/bin/../lib/gcc/riscv-none-embed/8.2.0/../../../../riscv-none-embed/lib/rv32imacxw/ilp32\libg_nano.a(lib_a-memchr.o)
                              d:/newmounriver/mounriver/mounriver_studio/toolchain/risc-v embedded gcc/bin/../lib/gcc/riscv-none-embed/8.2.0/../../../../riscv-none-embed/lib/rv32imacxw/ilp32\libg_nano.a(lib_a-nano-vfprintf_i.o) (memchr)
d:/newmounriver/mounriver/mounriver_studio/toolchain/risc-v embedded gcc/bin/../lib/gcc/riscv-none-embed/8.2.0/../../../../riscv-none-embed/lib/rv32imacxw/ilp32\libg_nano.a(lib_a-memcpy.o)
[...]
Memory Configuration

Name             Origin             Length             Attributes
FLASH            0x0000000000000000 0x000000000000f800 xr
RAM              0x0000000020000000 0x0000000000005000 xrw
*default*        0x0000000000000000 0xffffffffffffffff

Linker script and memory map

LOAD ./User/ch32x035_it.o
LOAD ./User/main.o
LOAD ./User/system_ch32x035.o
LOAD ./Startup/startup_ch32x035.o
LOAD ./Peripheral/src/ch32x035_adc.o
LOAD ./Peripheral/src/ch32x035_awu.o
LOAD ./Peripheral/src/ch32x035_dbgmcu.o
LOAD ./Peripheral/src/ch32x035_dma.o
LOAD ./Peripheral/src/ch32x035_exti.o
LOAD ./Peripheral/src/ch32x035_flash.o
LOAD ./Peripheral/src/ch32x035_gpio.o
LOAD ./Peripheral/src/ch32x035_i2c.o
LOAD ./Peripheral/src/ch32x035_iwdg.o
LOAD ./Peripheral/src/ch32x035_misc.o
LOAD ./Peripheral/src/ch32x035_opa.o
LOAD ./Peripheral/src/ch32x035_pwr.o
LOAD ./Peripheral/src/ch32x035_rcc.o
LOAD ./Peripheral/src/ch32x035_spi.o
LOAD ./Peripheral/src/ch32x035_tim.o
LOAD ./Peripheral/src/ch32x035_usart.o
LOAD ./Peripheral/src/ch32x035_wwdg.o
LOAD ./Debug/debug.o
LOAD ./Core/core_riscv.o
LOAD d:/newmounriver/mounriver/mounriver_studio/toolchain/risc-v embedded gcc/bin/../lib/gcc/riscv-none-embed/8.2.0/rv32imacxw/ilp32\libgcc.a
LOAD d:/newmounriver/mounriver/mounriver_studio/toolchain/risc-v embedded gcc/bin/../lib/gcc/riscv-none-embed/8.2.0/../../../../riscv-none-embed/lib/rv32imacxw/ilp32\libg_nano.a
LOAD d:/newmounriver/mounriver/mounriver_studio/toolchain/risc-v embedded gcc/bin/../lib/gcc/riscv-none-embed/8.2.0/../../../../riscv-none-embed/lib/rv32imacxw/ilp32\libc_nano.a
LOAD d:/newmounriver/mounriver/mounriver_studio/toolchain/risc-v embedded gcc/bin/../lib/gcc/riscv-none-embed/8.2.0/rv32imacxw/ilp32\libgcc.a
START GROUP
LOAD d:/newmounriver/mounriver/mounriver_studio/toolchain/risc-v embedded gcc/bin/../lib/gcc/riscv-none-embed/8.2.0/rv32imacxw/ilp32\libgcc.a
LOAD d:/newmounriver/mounriver/mounriver_studio/toolchain/risc-v embedded gcc/bin/../lib/gcc/riscv-none-embed/8.2.0/../../../../riscv-none-embed/lib/rv32imacxw/ilp32\libc_nano.a
LOAD d:/newmounriver/mounriver/mounriver_studio/toolchain/risc-v embedded gcc/bin/../lib/gcc/riscv-none-embed/8.2.0/../../../../riscv-none-embed/lib/rv32imacxw/ilp32\libnosys.a
END GROUP
START GROUP
LOAD d:/newmounriver/mounriver/mounriver_studio/toolchain/risc-v embedded gcc/bin/../lib/gcc/riscv-none-embed/8.2.0/rv32imacxw/ilp32\libgcc.a
LOAD d:/newmounriver/mounriver/mounriver_studio/toolchain/risc-v embedded gcc/bin/../lib/gcc/riscv-none-embed/8.2.0/../../../../riscv-none-embed/lib/rv32imacxw/ilp32\libc_nano.a
LOAD d:/newmounriver/mounriver/mounriver_studio/toolchain/risc-v embedded gcc/bin/../lib/gcc/riscv-none-embed/8.2.0/../../../../riscv-none-embed/lib/rv32imacxw/ilp32\libnosys.a
END GROUP
                0x0000000000000800                __stack_size = 0x800
                [!provide]                        PROVIDE (_stack_size = __stack_size)

.init           0x0000000000000000        0x4
                0x0000000000000000                _sinit = .
                0x0000000000000000                . = ALIGN (0x4)
 *(SORT_NONE(.init))
 .init          0x0000000000000000        0x4 ./Startup/startup_ch32x035.o
                0x0000000000000000                _start
                0x0000000000000004                . = ALIGN (0x4)
                0x0000000000000004                _einit = .

.vector         0x0000000000000004       0xfc
 *(.vector)
 .vector        0x0000000000000004       0xdc ./Startup/startup_ch32x035.o
                0x0000000000000100                . = ALIGN (0x40)
 *fill*         0x00000000000000e0       0x20 

.text           0x0000000000000100     0x55ec
                0x0000000000000100                . = ALIGN (0x4)
 *(.text)
 .text          0x0000000000000100       0x60 d:/newmounriver/mounriver/mounriver_studio/toolchain/risc-v embedded gcc/bin/../lib/gcc/riscv-none-embed/8.2.0/rv32imacxw/ilp32\libgcc.a(save-restore.o)
                0x0000000000000100                __riscv_save_12
                0x0000000000000108                __riscv_save_9
                0x0000000000000108                __riscv_save_11
                0x0000000000000108                __riscv_save_10
                0x0000000000000108                __riscv_save_8
                0x0000000000000116                __riscv_save_4
                0x0000000000000116                __riscv_save_6
                0x0000000000000116                __riscv_save_5
                0x0000000000000116                __riscv_save_7
                0x0000000000000130                __riscv_save_3
                0x0000000000000130                __riscv_save_2
                0x0000000000000130                __riscv_save_1
                0x0000000000000130                __riscv_save_0
                0x000000000000013c                __riscv_restore_12
                0x0000000000000140                __riscv_restore_11
                0x0000000000000140                __riscv_restore_9
                0x0000000000000140                __riscv_restore_10
                0x0000000000000140                __riscv_restore_8
                0x000000000000014a                __riscv_restore_5
                0x000000000000014a                __riscv_restore_7
                0x000000000000014a                __riscv_restore_6
                0x000000000000014a                __riscv_restore_4
                0x0000000000000154                __riscv_restore_3
                0x0000000000000154                __riscv_restore_0
                0x0000000000000154                __riscv_restore_2
                0x0000000000000154                __riscv_restore_1
 .text          0x0000000000000160       0xa8 d:/newmounriver/mounriver/mounriver_studio/toolchain/risc-v embedded gcc/bin/../lib/gcc/riscv-none-embed/8.2.0/../../../../riscv-none-embed/lib/rv32imacxw/ilp32\libg_nano.a(lib_a-memset.o)
                0x0000000000000160                memset
 *(.text.*)
 .text.NMI_Handler
                0x0000000000000208        0x2 ./User/ch32x035_it.o
                0x0000000000000208                NMI_Handler
 .text.HardFault_Handler
                0x000000000000020a       0x10 ./User/ch32x035_it.o
                0x000000000000020a                HardFault_Handler
 .text.startup.main
                0x000000000000021a       0x46 ./User/main.o
                0x000000000000021a                main
 .text.SystemInit
                0x0000000000000260       0x42 ./User/system_ch32x035.o
                0x0000000000000260                SystemInit
 .text.SystemCoreClockUpdate
                0x00000000000002a2       0x3e ./User/system_ch32x035.o
                0x00000000000002a2                SystemCoreClockUpdate
 .text.vector_handler
                0x00000000000002e0        0x2 ./Startup/startup_ch32x035.o
                0x00000000000002e0                TIM1_CC_IRQHandler
                0x00000000000002e0                TIM2_UP_IRQHandler
                0x00000000000002e0                USBPD_IRQHandler
                0x00000000000002e0                SysTick_Handler
                0x00000000000002e0                PVD_IRQHandler
                0x00000000000002e0                EXTI25_16_IRQHandler
                0x00000000000002e0                USBFS_IRQHandler
                0x00000000000002e0                Break_Point_Handler
                0x00000000000002e0                TIM2_TRG_COM_IRQHandler
                0x00000000000002e0                TIM2_CC_IRQHandler
                0x00000000000002e0                SPI1_IRQHandler
                0x00000000000002e0                AWU_IRQHandler
                0x00000000000002e0                EXTI7_0_IRQHandler
                0x00000000000002e0                Ecall_M_Mode_Handler
                0x00000000000002e0                DMA1_Channel4_IRQHandler
                0x00000000000002e0                ADC1_IRQHandler
                0x00000000000002e0                TIM2_BRK_IRQHandler
                0x00000000000002e0                USART3_IRQHandler
                0x00000000000002e0                DMA1_Channel7_IRQHandler
                0x00000000000002e0                USBPDWakeUp_IRQHandler
                0x00000000000002e0                EXTI15_8_IRQHandler
                0x00000000000002e0                I2C1_EV_IRQHandler
                0x00000000000002e0                USART4_IRQHandler
                0x00000000000002e0                DMA1_Channel6_IRQHandler
                0x00000000000002e0                TIM3_IRQHandler
                0x00000000000002e0                TIM1_TRG_COM_IRQHandler
                0x00000000000002e0                DMA1_Channel1_IRQHandler
                0x00000000000002e0                DMA1_Channel8_IRQHandler
                0x00000000000002e0                PIOC_IRQHandler
                0x00000000000002e0                DMA1_Channel5_IRQHandler
                0x00000000000002e0                DMA1_Channel3_IRQHandler
                0x00000000000002e0                TIM1_UP_IRQHandler
                0x00000000000002e0                WWDG_IRQHandler
                0x00000000000002e0                Ecall_U_Mode_Handler
                0x00000000000002e0                SW_Handler
                0x00000000000002e0                TIM1_BRK_IRQHandler
                0x00000000000002e0                OPA_IRQHandler
                0x00000000000002e0                USART2_IRQHandler
                0x00000000000002e0                DMA1_Channel2_IRQHandler
                0x00000000000002e0                FLASH_IRQHandler
                0x00000000000002e0                USBFSWakeUp_IRQHandler
                0x00000000000002e0                USART1_IRQHandler
                0x00000000000002e0                I2C1_ER_IRQHandler
 .text.handle_reset
                0x00000000000002e2       0x86 ./Startup/startup_ch32x035.o
                0x00000000000002e2                handle_reset
 .text.GPIO_Init
                0x0000000000000368      0x18e ./Peripheral/src/ch32x035_gpio.o
                0x0000000000000368                GPIO_Init
 .text.NVIC_PriorityGroupConfig
                0x00000000000004f6        0x6 ./Peripheral/src/ch32x035_misc.o
                0x00000000000004f6                NVIC_PriorityGroupConfig
 .text.RCC_GetClocksFreq
                0x00000000000004fc       0x3e ./Peripheral/src/ch32x035_rcc.o
                0x00000000000004fc                RCC_GetClocksFreq
 .text.RCC_APB2PeriphClockCmd
                0x000000000000053a       0x1e ./Peripheral/src/ch32x035_rcc.o
                0x000000000000053a                RCC_APB2PeriphClockCmd
 .text.USART_Init
                0x0000000000000558       0x8c ./Peripheral/src/ch32x035_usart.o
                0x0000000000000558                USART_Init
 .text.USART_Cmd
                0x00000000000005e4       0x16 ./Peripheral/src/ch32x035_usart.o
                0x00000000000005e4                USART_Cmd
 .text.USART_SendData
                0x00000000000005fa        0x8 ./Peripheral/src/ch32x035_usart.o
                0x00000000000005fa                USART_SendData
 .text.USART_GetFlagStatus
                0x0000000000000602        0xa ./Peripheral/src/ch32x035_usart.o
                0x0000000000000602                USART_GetFlagStatus
 .text.Delay_Init
                0x000000000000060c       0x2a ./Debug/debug.o
                0x000000000000060c                Delay_Init
 .text.USART_Printf_Init
                0x0000000000000636       0x50 ./Debug/debug.o
                0x0000000000000636                USART_Printf_Init
 .text._write   0x0000000000000686       0x38 ./Debug/debug.o
                0x0000000000000686                _write
 .text._sbrk    0x00000000000006be       0x26 ./Debug/debug.o
                0x00000000000006be                _sbrk
 .text.__cvt    0x00000000000006e4       0xea d:/newmounriver/mounriver/mounriver_studio/toolchain/risc-v embedded gcc/bin/../lib/gcc/riscv-none-embed/8.2.0/../../../../riscv-none-embed/lib/rv32imacxw/ilp32\libg_nano.a(lib_a-nano-vfprintf_float.o)
                0x00000000000006e4                __cvt
 .text.__exponent
                0x00000000000007ce       0x84 d:/newmounriver/mounriver/mounriver_studio/toolchain/risc-v embedded gcc/bin/../lib/gcc/riscv-none-embed/8.2.0/../../../../riscv-none-embed/lib/rv32imacxw/ilp32\libg_nano.a(lib_a-nano-vfprintf_float.o)
                0x00000000000007ce                __exponent
 .text._printf_float
                0x0000000000000852      0x4c0 d:/newmounriver/mounriver/mounriver_studio/toolchain/risc-v embedded gcc/bin/../lib/gcc/riscv-none-embed/8.2.0/../../../../riscv-none-embed/lib/rv32imacxw/ilp32\libg_nano.a(lib_a-nano-vfprintf_float.o)
                0x0000000000000852                _printf_float
 .text._printf_common
                0x0000000000000d12      0x10c d:/newmounriver/mounriver/mounriver_studio/toolchain/risc-v embedded gcc/bin/../lib/gcc/riscv-none-embed/8.2.0/../../../../riscv-none-embed/lib/rv32imacxw/ilp32\libg_nano.a(lib_a-nano-vfprintf_i.o)
                0x0000000000000d12                _printf_common
 .text._printf_i
                0x0000000000000e1e      0x2a2 d:/newmounriver/mounriver/mounriver_studio/toolchain/risc-v embedded gcc/bin/../lib/gcc/riscv-none-embed/8.2.0/../../../../riscv-none-embed/lib/rv32imacxw/ilp32\libg_nano.a(lib_a-nano-vfprintf_i.o)
                0x0000000000000e1e                _printf_i
 .text.printf   0x00000000000010c0       0x42 d:/newmounriver/mounriver/mounriver_studio/toolchain/risc-v embedded gcc/bin/../lib/gcc/riscv-none-embed/8.2.0/../../../../riscv-none-embed/lib/rv32imacxw/ilp32\libg_nano.a(lib_a-printf.o)
                0x00000000000010c0                iprintf
                0x00000000000010c0                printf
 .text.strlen   0x0000000000001102       0x12 d:/newmounriver/mounriver/mounriver_studio/toolchain/risc-v embedded gcc/bin/../lib/gcc/riscv-none-embed/8.2.0/../../../../riscv-none-embed/lib/rv32imacxw/ilp32\libg_nano.a(lib_a-strlen.o)
                0x0000000000001102                strlen
 .text.quorem   0x0000000000001114      0x13a d:/newmounriver/mounriver/mounriver_studio/toolchain/risc-v embedded gcc/bin/../lib/gcc/riscv-none-embed/8.2.0/../../../../riscv-none-embed/lib/rv32imacxw/ilp32\libg_nano.a(lib_a-dtoa.o)
 .text._dtoa_r  0x000000000000124e      0xc00 d:/newmounriver/mounriver/mounriver_studio/toolchain/risc-v embedded gcc/bin/../lib/gcc/riscv-none-embed/8.2.0/../../../../riscv-none-embed/lib/rv32imacxw/ilp32\libg_nano.a(lib_a-dtoa.o)
                0x000000000000124e                _dtoa_r
 .text.std      0x0000000000001e4e       0x66 d:/newmounriver/mounriver/mounriver_studio/toolchain/risc-v embedded gcc/bin/../lib/gcc/riscv-none-embed/8.2.0/../../../../riscv-none-embed/lib/rv32imacxw/ilp32\libg_nano.a(lib_a-findfp.o)
 .text._cleanup_r
                0x0000000000001eb4        0xa d:/newmounriver/mounriver/mounriver_studio/toolchain/risc-v embedded gcc/bin/../lib/gcc/riscv-none-embed/8.2.0/../../../../riscv-none-embed/lib/rv32imacxw/ilp32\libg_nano.a(lib_a-findfp.o)
                0x0000000000001eb4                _cleanup_r
 .text.__sfmoreglue
                0x0000000000001ebe       0x48 d:/newmounriver/mounriver/mounriver_studio/toolchain/risc-v embedded gcc/bin/../lib/gcc/riscv-none-embed/8.2.0/../../../../riscv-none-embed/lib/rv32imacxw/ilp32\libg_nano.a(lib_a-findfp.o)
                0x0000000000001ebe                __sfmoreglue
 .text.__sinit  0x0000000000001f06       0x66 d:/newmounriver/mounriver/mounriver_studio/toolchain/risc-v embedded gcc/bin/../lib/gcc/riscv-none-embed/8.2.0/../../../../riscv-none-embed/lib/rv32imacxw/ilp32\libg_nano.a(lib_a-findfp.o)
                0x0000000000001f06                __sinit
 .text.__sfp    0x0000000000001f6c       0x9c d:/newmounriver/mounriver/mounriver_studio/toolchain/risc-v embedded gcc/bin/../lib/gcc/riscv-none-embed/8.2.0/../../../../riscv-none-embed/lib/rv32imacxw/ilp32\libg_nano.a(lib_a-findfp.o)
                0x0000000000001f6c                __sfp
 .text._fwalk_reent
                0x0000000000002008       0x6a d:/newmounriver/mounriver/mounriver_studio/toolchain/risc-v embedded gcc/bin/../lib/gcc/riscv-none-embed/8.2.0/../../../../riscv-none-embed/lib/rv32imacxw/ilp32\libg_nano.a(lib_a-fwalk.o)
                0x0000000000002008                _fwalk_reent
 .text._localeconv_r
                0x0000000000002072       0x18 d:/newmounriver/mounriver/mounriver_studio/toolchain/risc-v embedded gcc/bin/../lib/gcc/riscv-none-embed/8.2.0/../../../../riscv-none-embed/lib/rv32imacxw/ilp32\libg_nano.a(lib_a-localeconv.o)
                0x0000000000002072                _localeconv_r
 .text.malloc   0x000000000000208a        0xc d:/newmounriver/mounriver/mounriver_studio/toolchain/risc-v embedded gcc/bin/../lib/gcc/riscv-none-embed/8.2.0/../../../../riscv-none-embed/lib/rv32imacxw/ilp32\libg_nano.a(lib_a-malloc.o)
                0x000000000000208a                malloc
 .text.memchr   0x0000000000002096       0x18 d:/newmounriver/mounriver/mounriver_studio/toolchain/risc-v embedded gcc/bin/../lib/gcc/riscv-none-embed/8.2.0/../../../../riscv-none-embed/lib/rv32imacxw/ilp32\libg_nano.a(lib_a-memchr.o)
                0x0000000000002096                memchr
 .text.memcpy   0x00000000000020ae       0xb2 d:/newmounriver/mounriver/mounriver_studio/toolchain/risc-v embedded gcc/bin/../lib/gcc/riscv-none-embed/8.2.0/../../../../riscv-none-embed/lib/rv32imacxw/ilp32\libg_nano.a(lib_a-memcpy.o)
                0x00000000000020ae                memcpy
 .text._Balloc  0x0000000000002160       0x86 d:/newmounriver/mounriver/mounriver_studio/toolchain/risc-v embedded gcc/bin/../lib/gcc/riscv-none-embed/8.2.0/../../../../riscv-none-embed/lib/rv32imacxw/ilp32\libg_nano.a(lib_a-mprec.o)
                0x0000000000002160                _Balloc
 .text._Bfree   0x00000000000021e6       0x42 d:/newmounriver/mounriver/mounriver_studio/toolchain/risc-v embedded gcc/bin/../lib/gcc/riscv-none-embed/8.2.0/../../../../riscv-none-embed/lib/rv32imacxw/ilp32\libg_nano.a(lib_a-mprec.o)
                0x00000000000021e6                _Bfree
 .text.__multadd
                0x0000000000002228       0x92 d:/newmounriver/mounriver/mounriver_studio/toolchain/risc-v embedded gcc/bin/../lib/gcc/riscv-none-embed/8.2.0/../../../../riscv-none-embed/lib/rv32imacxw/ilp32\libg_nano.a(lib_a-mprec.o)
                0x0000000000002228                __multadd
 .text.__hi0bits
                0x00000000000022ba       0x46 d:/newmounriver/mounriver/mounriver_studio/toolchain/risc-v embedded gcc/bin/../lib/gcc/riscv-none-embed/8.2.0/../../../../riscv-none-embed/lib/rv32imacxw/ilp32\libg_nano.a(lib_a-mprec.o)
                0x00000000000022ba                __hi0bits
 .text.__lo0bits
                0x0000000000002300       0x6a d:/newmounriver/mounriver/mounriver_studio/toolchain/risc-v embedded gcc/bin/../lib/gcc/riscv-none-embed/8.2.0/../../../../riscv-none-embed/lib/rv32imacxw/ilp32\libg_nano.a(lib_a-mprec.o)
                0x0000000000002300                __lo0bits
 .text.__i2b    0x000000000000236a       0x1a d:/newmounriver/mounriver/mounriver_studio/toolchain/risc-v embedded gcc/bin/../lib/gcc/riscv-none-embed/8.2.0/../../../../riscv-none-embed/lib/rv32imacxw/ilp32\libg_nano.a(lib_a-mprec.o)
                0x000000000000236a                __i2b
 .text.__multiply
                0x0000000000002384      0x142 d:/newmounriver/mounriver/mounriver_studio/toolchain/risc-v embedded gcc/bin/../lib/gcc/riscv-none-embed/8.2.0/../../../../riscv-none-embed/lib/rv32imacxw/ilp32\libg_nano.a(lib_a-mprec.o)
                0x0000000000002384                __multiply
 .text.__pow5mult
                0x00000000000024c6       0xb2 d:/newmounriver/mounriver/mounriver_studio/toolchain/risc-v embedded gcc/bin/../lib/gcc/riscv-none-embed/8.2.0/../../../../riscv-none-embed/lib/rv32imacxw/ilp32\libg_nano.a(lib_a-mprec.o)
                0x00000000000024c6                __pow5mult
 .text.__lshift
                0x0000000000002578       0xca d:/newmounriver/mounriver/mounriver_studio/toolchain/risc-v embedded gcc/bin/../lib/gcc/riscv-none-embed/8.2.0/../../../../riscv-none-embed/lib/rv32imacxw/ilp32\libg_nano.a(lib_a-mprec.o)
                0x0000000000002578                __lshift
 .text.__mcmp   0x0000000000002642       0x32 d:/newmounriver/mounriver/mounriver_studio/toolchain/risc-v embedded gcc/bin/../lib/gcc/riscv-none-embed/8.2.0/../../../../riscv-none-embed/lib/rv32imacxw/ilp32\libg_nano.a(lib_a-mprec.o)
                0x0000000000002642                __mcmp
 .text.__mdiff  0x0000000000002674       0xf0 d:/newmounriver/mounriver/mounriver_studio/toolchain/risc-v embedded gcc/bin/../lib/gcc/riscv-none-embed/8.2.0/../../../../riscv-none-embed/lib/rv32imacxw/ilp32\libg_nano.a(lib_a-mprec.o)
                0x0000000000002674                __mdiff
 .text.__d2b    0x0000000000002764       0xd2 d:/newmounriver/mounriver/mounriver_studio/toolchain/risc-v embedded gcc/bin/../lib/gcc/riscv-none-embed/8.2.0/../../../../riscv-none-embed/lib/rv32imacxw/ilp32\libg_nano.a(lib_a-mprec.o)
                0x0000000000002764                __d2b
 .text._calloc_r
                0x0000000000002836       0x26 d:/newmounriver/mounriver/mounriver_studio/toolchain/risc-v embedded gcc/bin/../lib/gcc/riscv-none-embed/8.2.0/../../../../riscv-none-embed/lib/rv32imacxw/ilp32\libg_nano.a(lib_a-nano-callocr.o)
                0x0000000000002836                _calloc_r
 .text._free_r  0x000000000000285c       0xa8 d:/newmounriver/mounriver/mounriver_studio/toolchain/risc-v embedded gcc/bin/../lib/gcc/riscv-none-embed/8.2.0/../../../../riscv-none-embed/lib/rv32imacxw/ilp32\libg_nano.a(lib_a-nano-freer.o)
                0x000000000000285c                _free_r
 .text._malloc_r
                0x0000000000002904       0xd4 d:/newmounriver/mounriver/mounriver_studio/toolchain/risc-v embedded gcc/bin/../lib/gcc/riscv-none-embed/8.2.0/../../../../riscv-none-embed/lib/rv32imacxw/ilp32\libg_nano.a(lib_a-nano-mallocr.o)
                0x0000000000002904                _malloc_r
 .text.__sfputc_r
                0x00000000000029d8       0x26 d:/newmounriver/mounriver/mounriver_studio/toolchain/risc-v embedded gcc/bin/../lib/gcc/riscv-none-embed/8.2.0/../../../../riscv-none-embed/lib/rv32imacxw/ilp32\libg_nano.a(lib_a-nano-vfprintf.o)
 .text.__sfputs_r
                0x00000000000029fe       0x40 d:/newmounriver/mounriver/mounriver_studio/toolchain/risc-v embedded gcc/bin/../lib/gcc/riscv-none-embed/8.2.0/../../../../riscv-none-embed/lib/rv32imacxw/ilp32\libg_nano.a(lib_a-nano-vfprintf.o)
                0x00000000000029fe                __sfputs_r
 .text._vfprintf_r
                0x0000000000002a3e      0x288 d:/newmounriver/mounriver/mounriver_studio/toolchain/risc-v embedded gcc/bin/../lib/gcc/riscv-none-embed/8.2.0/../../../../riscv-none-embed/lib/rv32imacxw/ilp32\libg_nano.a(lib_a-nano-vfprintf.o)
                0x0000000000002a3e                _vfprintf_r
                0x0000000000002a3e                _vfiprintf_r
 .text._sbrk_r  0x0000000000002cc6       0x2a d:/newmounriver/mounriver/mounriver_studio/toolchain/risc-v embedded gcc/bin/../lib/gcc/riscv-none-embed/8.2.0/../../../../riscv-none-embed/lib/rv32imacxw/ilp32\libg_nano.a(lib_a-sbrkr.o)
                0x0000000000002cc6                _sbrk_r
 .text.__sread  0x0000000000002cf0       0x2c d:/newmounriver/mounriver/mounriver_studio/toolchain/risc-v embedded gcc/bin/../lib/gcc/riscv-none-embed/8.2.0/../../../../riscv-none-embed/lib/rv32imacxw/ilp32\libg_nano.a(lib_a-stdio.o)
                0x0000000000002cf0                __sread
 .text.__swrite
                0x0000000000002d1c       0x48 d:/newmounriver/mounriver/mounriver_studio/toolchain/risc-v embedded gcc/bin/../lib/gcc/riscv-none-embed/8.2.0/../../../../riscv-none-embed/lib/rv32imacxw/ilp32\libg_nano.a(lib_a-stdio.o)
                0x0000000000002d1c                __swrite
 .text.__sseek  0x0000000000002d64       0x30 d:/newmounriver/mounriver/mounriver_studio/toolchain/risc-v embedded gcc/bin/../lib/gcc/riscv-none-embed/8.2.0/../../../../riscv-none-embed/lib/rv32imacxw/ilp32\libg_nano.a(lib_a-stdio.o)
                0x0000000000002d64                __sseek
 .text.__sclose
                0x0000000000002d94        0x6 d:/newmounriver/mounriver/mounriver_studio/toolchain/risc-v embedded gcc/bin/../lib/gcc/riscv-none-embed/8.2.0/../../../../riscv-none-embed/lib/rv32imacxw/ilp32\libg_nano.a(lib_a-stdio.o)
                0x0000000000002d94                __sclose
 .text.__swbuf_r
                0x0000000000002d9a       0xbe d:/newmounriver/mounriver/mounriver_studio/toolchain/risc-v embedded gcc/bin/../lib/gcc/riscv-none-embed/8.2.0/../../../../riscv-none-embed/lib/rv32imacxw/ilp32\libg_nano.a(lib_a-wbuf.o)
                0x0000000000002d9a                __swbuf_r
 .text._write_r
                0x0000000000002e58       0x2e d:/newmounriver/mounriver/mounriver_studio/toolchain/risc-v embedded gcc/bin/../lib/gcc/riscv-none-embed/8.2.0/../../../../riscv-none-embed/lib/rv32imacxw/ilp32\libg_nano.a(lib_a-writer.o)
                0x0000000000002e58                _write_r
 .text.__swsetup_r
                0x0000000000002e86      0x100 d:/newmounriver/mounriver/mounriver_studio/toolchain/risc-v embedded gcc/bin/../lib/gcc/riscv-none-embed/8.2.0/../../../../riscv-none-embed/lib/rv32imacxw/ilp32\libg_nano.a(lib_a-wsetup.o)
                0x0000000000002e86                __swsetup_r
 .text._close_r
                0x0000000000002f86       0x2a d:/newmounriver/mounriver/mounriver_studio/toolchain/risc-v embedded gcc/bin/../lib/gcc/riscv-none-embed/8.2.0/../../../../riscv-none-embed/lib/rv32imacxw/ilp32\libg_nano.a(lib_a-closer.o)
                0x0000000000002f86                _close_r
 .text.__sflush_r
                0x0000000000002fb0      0x132 d:/newmounriver/mounriver/mounriver_studio/toolchain/risc-v embedded gcc/bin/../lib/gcc/riscv-none-embed/8.2.0/../../../../riscv-none-embed/lib/rv32imacxw/ilp32\libg_nano.a(lib_a-fflush.o)
                0x0000000000002fb0                __sflush_r
 .text._fflush_r
                0x00000000000030e2       0x66 d:/newmounriver/mounriver/mounriver_studio/toolchain/risc-v embedded gcc/bin/../lib/gcc/riscv-none-embed/8.2.0/../../../../riscv-none-embed/lib/rv32imacxw/ilp32\libg_nano.a(lib_a-fflush.o)
                0x00000000000030e2                _fflush_r
 .text._lseek_r
                0x0000000000003148       0x2e d:/newmounriver/mounriver/mounriver_studio/toolchain/risc-v embedded gcc/bin/../lib/gcc/riscv-none-embed/8.2.0/../../../../riscv-none-embed/lib/rv32imacxw/ilp32\libg_nano.a(lib_a-lseekr.o)
                0x0000000000003148                _lseek_r
 .text.__swhatbuf_r
                0x0000000000003176       0x56 d:/newmounriver/mounriver/mounriver_studio/toolchain/risc-v embedded gcc/bin/../lib/gcc/riscv-none-embed/8.2.0/../../../../riscv-none-embed/lib/rv32imacxw/ilp32\libg_nano.a(lib_a-makebuf.o)
                0x0000000000003176                __swhatbuf_r
 .text.__smakebuf_r
                0x00000000000031cc       0x90 d:/newmounriver/mounriver/mounriver_studio/toolchain/risc-v embedded gcc/bin/../lib/gcc/riscv-none-embed/8.2.0/../../../../riscv-none-embed/lib/rv32imacxw/ilp32\libg_nano.a(lib_a-makebuf.o)
                0x00000000000031cc                __smakebuf_r
 .text.__ascii_mbtowc
                0x000000000000325c       0x32 d:/newmounriver/mounriver/mounriver_studio/toolchain/risc-v embedded gcc/bin/../lib/gcc/riscv-none-embed/8.2.0/../../../../riscv-none-embed/lib/rv32imacxw/ilp32\libg_nano.a(lib_a-mbtowc_r.o)
                0x000000000000325c                __ascii_mbtowc
 .text.__malloc_lock
                0x000000000000328e        0x2 d:/newmounriver/mounriver/mounriver_studio/toolchain/risc-v embedded gcc/bin/../lib/gcc/riscv-none-embed/8.2.0/../../../../riscv-none-embed/lib/rv32imacxw/ilp32\libg_nano.a(lib_a-mlock.o)
                0x000000000000328e                __malloc_lock
 .text.__malloc_unlock
                0x0000000000003290        0x2 d:/newmounriver/mounriver/mounriver_studio/toolchain/risc-v embedded gcc/bin/../lib/gcc/riscv-none-embed/8.2.0/../../../../riscv-none-embed/lib/rv32imacxw/ilp32\libg_nano.a(lib_a-mlock.o)
                0x0000000000003290                __malloc_unlock
 .text._read_r  0x0000000000003292       0x2e d:/newmounriver/mounriver/mounriver_studio/toolchain/risc-v embedded gcc/bin/../lib/gcc/riscv-none-embed/8.2.0/../../../../riscv-none-embed/lib/rv32imacxw/ilp32\libg_nano.a(lib_a-readr.o)
                0x0000000000003292                _read_r
 .text.__ascii_wctomb
                0x00000000000032c0       0x1e d:/newmounriver/mounriver/mounriver_studio/toolchain/risc-v embedded gcc/bin/../lib/gcc/riscv-none-embed/8.2.0/../../../../riscv-none-embed/lib/rv32imacxw/ilp32\libg_nano.a(lib_a-wctomb_r.o)
                0x00000000000032c0                __ascii_wctomb
 .text._fstat_r
                0x00000000000032de       0x2c d:/newmounriver/mounriver/mounriver_studio/toolchain/risc-v embedded gcc/bin/../lib/gcc/riscv-none-embed/8.2.0/../../../../riscv-none-embed/lib/rv32imacxw/ilp32\libg_nano.a(lib_a-fstatr.o)
                0x00000000000032de                _fstat_r
 .text._isatty_r
                0x000000000000330a       0x2a d:/newmounriver/mounriver/mounriver_studio/toolchain/risc-v embedded gcc/bin/../lib/gcc/riscv-none-embed/8.2.0/../../../../riscv-none-embed/lib/rv32imacxw/ilp32\libg_nano.a(lib_a-isattyr.o)
                0x000000000000330a                _isatty_r
 .text.__adddf3
                0x0000000000003334      0x730 d:/newmounriver/mounriver/mounriver_studio/toolchain/risc-v embedded gcc/bin/../lib/gcc/riscv-none-embed/8.2.0/rv32imacxw/ilp32\libgcc.a(adddf3.o)
                0x0000000000003334                __adddf3
 .text.__divdf3
                0x0000000000003a64      0x5b4 d:/newmounriver/mounriver/mounriver_studio/toolchain/risc-v embedded gcc/bin/../lib/gcc/riscv-none-embed/8.2.0/rv32imacxw/ilp32\libgcc.a(divdf3.o)
                0x0000000000003a64                __divdf3
 .text.__eqdf2  0x0000000000004018       0x6a d:/newmounriver/mounriver/mounriver_studio/toolchain/risc-v embedded gcc/bin/../lib/gcc/riscv-none-embed/8.2.0/rv32imacxw/ilp32\libgcc.a(eqdf2.o)
                0x0000000000004018                __nedf2
                0x0000000000004018                __eqdf2
 .text.__gedf2  0x0000000000004082       0xae d:/newmounriver/mounriver/mounriver_studio/toolchain/risc-v embedded gcc/bin/../lib/gcc/riscv-none-embed/8.2.0/rv32imacxw/ilp32\libgcc.a(gedf2.o)
                0x0000000000004082                __gedf2
                0x0000000000004082                __gtdf2
 .text.__ledf2  0x0000000000004130       0xb6 d:/newmounriver/mounriver/mounriver_studio/toolchain/risc-v embedded gcc/bin/../lib/gcc/riscv-none-embed/8.2.0/rv32imacxw/ilp32\libgcc.a(ledf2.o)
                0x0000000000004130                __ledf2
                0x0000000000004130                __ltdf2
 .text.__muldf3
                0x00000000000041e6      0x4b8 d:/newmounriver/mounriver/mounriver_studio/toolchain/risc-v embedded gcc/bin/../lib/gcc/riscv-none-embed/8.2.0/rv32imacxw/ilp32\libgcc.a(muldf3.o)
                0x00000000000041e6                __muldf3
 .text.__subdf3
                0x000000000000469e      0x73c d:/newmounriver/mounriver/mounriver_studio/toolchain/risc-v embedded gcc/bin/../lib/gcc/riscv-none-embed/8.2.0/rv32imacxw/ilp32\libgcc.a(subdf3.o)
                0x000000000000469e                __subdf3
 .text.__unorddf2
                0x0000000000004dda       0x3c d:/newmounriver/mounriver/mounriver_studio/toolchain/risc-v embedded gcc/bin/../lib/gcc/riscv-none-embed/8.2.0/rv32imacxw/ilp32\libgcc.a(unorddf2.o)
                0x0000000000004dda                __unorddf2
 .text.__fixdfsi
                0x0000000000004e16       0x68 d:/newmounriver/mounriver/mounriver_studio/toolchain/risc-v embedded gcc/bin/../lib/gcc/riscv-none-embed/8.2.0/rv32imacxw/ilp32\libgcc.a(fixdfsi.o)
                0x0000000000004e16                __fixdfsi
 .text.__floatsidf
                0x0000000000004e7e       0x70 d:/newmounriver/mounriver/mounriver_studio/toolchain/risc-v embedded gcc/bin/../lib/gcc/riscv-none-embed/8.2.0/rv32imacxw/ilp32\libgcc.a(floatsidf.o)
                0x0000000000004e7e                __floatsidf
 .text.__floatunsidf
                0x0000000000004eee       0x66 d:/newmounriver/mounriver/mounriver_studio/toolchain/risc-v embedded gcc/bin/../lib/gcc/riscv-none-embed/8.2.0/rv32imacxw/ilp32\libgcc.a(floatunsidf.o)
                0x0000000000004eee                __floatunsidf
 .text.__trunctfdf2
                0x0000000000004f54      0x21e d:/newmounriver/mounriver/mounriver_studio/toolchain/risc-v embedded gcc/bin/../lib/gcc/riscv-none-embed/8.2.0/rv32imacxw/ilp32\libgcc.a(trunctfdf2.o)
                0x0000000000004f54                __trunctfdf2
 .text.__clzsi2
                0x0000000000005172       0x6e d:/newmounriver/mounriver/mounriver_studio/toolchain/risc-v embedded gcc/bin/../lib/gcc/riscv-none-embed/8.2.0/rv32imacxw/ilp32\libgcc.a(_clzsi2.o)
                0x0000000000005172                __clzsi2
 .text._close   0x00000000000051e0        0xc d:/newmounriver/mounriver/mounriver_studio/toolchain/risc-v embedded gcc/bin/../lib/gcc/riscv-none-embed/8.2.0/../../../../riscv-none-embed/lib/rv32imacxw/ilp32\libnosys.a(close.o)
                0x00000000000051e0                _close
 .text._fstat   0x00000000000051ec        0xc d:/newmounriver/mounriver/mounriver_studio/toolchain/risc-v embedded gcc/bin/../lib/gcc/riscv-none-embed/8.2.0/../../../../riscv-none-embed/lib/rv32imacxw/ilp32\libnosys.a(fstat.o)
                0x00000000000051ec                _fstat
 .text._isatty  0x00000000000051f8        0xc d:/newmounriver/mounriver/mounriver_studio/toolchain/risc-v embedded gcc/bin/../lib/gcc/riscv-none-embed/8.2.0/../../../../riscv-none-embed/lib/rv32imacxw/ilp32\libnosys.a(isatty.o)
                0x00000000000051f8                _isatty
 .text._lseek   0x0000000000005204        0xc d:/newmounriver/mounriver/mounriver_studio/toolchain/risc-v embedded gcc/bin/../lib/gcc/riscv-none-embed/8.2.0/../../../../riscv-none-embed/lib/rv32imacxw/ilp32\libnosys.a(lseek.o)
                0x0000000000005204                _lseek
 .text._read    0x0000000000005210        0xc d:/newmounriver/mounriver/mounriver_studio/toolchain/risc-v embedded gcc/bin/../lib/gcc/riscv-none-embed/8.2.0/../../../../riscv-none-embed/lib/rv32imacxw/ilp32\libnosys.a(read.o)
                0x0000000000005210                _read
 *(.rodata)
 *(.rodata*)
 *fill*         0x000000000000521c        0x4 
 .rodata.main.cst8
                0x0000000000005220       0x10 ./User/main.o
 .rodata.main.str1.4
                0x0000000000005230       0x13 ./User/main.o
 *fill*         0x0000000000005243        0x5 
 .rodata._printf_float.cst8
                0x0000000000005248        0x8 d:/newmounriver/mounriver/mounriver_studio/toolchain/risc-v embedded gcc/bin/../lib/gcc/riscv-none-embed/8.2.0/../../../../riscv-none-embed/lib/rv32imacxw/ilp32\libg_nano.a(lib_a-nano-vfprintf_float.o)
 .rodata._printf_float.str1.4
                0x0000000000005250       0x12 d:/newmounriver/mounriver/mounriver_studio/toolchain/risc-v embedded gcc/bin/../lib/gcc/riscv-none-embed/8.2.0/../../../../riscv-none-embed/lib/rv32imacxw/ilp32\libg_nano.a(lib_a-nano-vfprintf_float.o)
 *fill*         0x0000000000005262        0x2 
 .rodata._printf_i.str1.4
                0x0000000000005264       0x25 d:/newmounriver/mounriver/mounriver_studio/toolchain/risc-v embedded gcc/bin/../lib/gcc/riscv-none-embed/8.2.0/../../../../riscv-none-embed/lib/rv32imacxw/ilp32\libg_nano.a(lib_a-nano-vfprintf_i.o)
 *fill*         0x0000000000005289        0x7 
 .rodata._dtoa_r.cst8
                0x0000000000005290       0x48 d:/newmounriver/mounriver/mounriver_studio/toolchain/risc-v embedded gcc/bin/../lib/gcc/riscv-none-embed/8.2.0/../../../../riscv-none-embed/lib/rv32imacxw/ilp32\libg_nano.a(lib_a-dtoa.o)
 .rodata._dtoa_r.str1.4
                0x00000000000052d8       0x10 d:/newmounriver/mounriver/mounriver_studio/toolchain/risc-v embedded gcc/bin/../lib/gcc/riscv-none-embed/8.2.0/../../../../riscv-none-embed/lib/rv32imacxw/ilp32\libg_nano.a(lib_a-dtoa.o)
                                         0x12 (size before relaxing)
 .rodata.__sf_fake_stderr
                0x00000000000052e8       0x20 d:/newmounriver/mounriver/mounriver_studio/toolchain/risc-v embedded gcc/bin/../lib/gcc/riscv-none-embed/8.2.0/../../../../riscv-none-embed/lib/rv32imacxw/ilp32\libg_nano.a(lib_a-findfp.o)
                0x00000000000052e8                __sf_fake_stderr
 .rodata.__sf_fake_stdin
                0x0000000000005308       0x20 d:/newmounriver/mounriver/mounriver_studio/toolchain/risc-v embedded gcc/bin/../lib/gcc/riscv-none-embed/8.2.0/../../../../riscv-none-embed/lib/rv32imacxw/ilp32\libg_nano.a(lib_a-findfp.o)
                0x0000000000005308                __sf_fake_stdin
 .rodata.__sf_fake_stdout
                0x0000000000005328       0x20 d:/newmounriver/mounriver/mounriver_studio/toolchain/risc-v embedded gcc/bin/../lib/gcc/riscv-none-embed/8.2.0/../../../../riscv-none-embed/lib/rv32imacxw/ilp32\libg_nano.a(lib_a-findfp.o)
                0x0000000000005328                __sf_fake_stdout
 .rodata.__mprec_bigtens
                0x0000000000005348       0x28 d:/newmounriver/mounriver/mounriver_studio/toolchain/risc-v embedded gcc/bin/../lib/gcc/riscv-none-embed/8.2.0/../../../../riscv-none-embed/lib/rv32imacxw/ilp32\libg_nano.a(lib_a-mprec.o)
                0x0000000000005348                __mprec_bigtens
 .rodata.__mprec_tens
                0x0000000000005370       0xc8 d:/newmounriver/mounriver/mounriver_studio/toolchain/risc-v embedded gcc/bin/../lib/gcc/riscv-none-embed/8.2.0/../../../../riscv-none-embed/lib/rv32imacxw/ilp32\libg_nano.a(lib_a-mprec.o)
                0x0000000000005370                __mprec_tens
 .rodata.p05.3319
                0x0000000000005438        0xc d:/newmounriver/mounriver/mounriver_studio/toolchain/risc-v embedded gcc/bin/../lib/gcc/riscv-none-embed/8.2.0/../../../../riscv-none-embed/lib/rv32imacxw/ilp32\libg_nano.a(lib_a-mprec.o)
 .rodata._vfprintf_r.str1.4
                0x0000000000005444       0x13 d:/newmounriver/mounriver/mounriver_studio/toolchain/risc-v embedded gcc/bin/../lib/gcc/riscv-none-embed/8.2.0/../../../../riscv-none-embed/lib/rv32imacxw/ilp32\libg_nano.a(lib_a-nano-vfprintf.o)
 *fill*         0x0000000000005457        0x1 
 .rodata._setlocale_r.str1.4
                0x0000000000005458        0xa d:/newmounriver/mounriver/mounriver_studio/toolchain/risc-v embedded gcc/bin/../lib/gcc/riscv-none-embed/8.2.0/../../../../riscv-none-embed/lib/rv32imacxw/ilp32\libg_nano.a(lib_a-locale.o)
                                          0xd (size before relaxing)
 *fill*         0x0000000000005462        0x2 
 .rodata.str1.4
                0x0000000000005464        0x4 d:/newmounriver/mounriver/mounriver_studio/toolchain/risc-v embedded gcc/bin/../lib/gcc/riscv-none-embed/8.2.0/../../../../riscv-none-embed/lib/rv32imacxw/ilp32\libg_nano.a(lib_a-locale.o)
                                          0x2 (size before relaxing)
 .rodata._ctype_
                0x0000000000005468      0x101 d:/newmounriver/mounriver/mounriver_studio/toolchain/risc-v embedded gcc/bin/../lib/gcc/riscv-none-embed/8.2.0/../../../../riscv-none-embed/lib/rv32imacxw/ilp32\libg_nano.a(lib_a-ctype_.o)
                0x0000000000005468                _ctype_
 *fill*         0x0000000000005569        0x3 
 .rodata.__divdf3
                0x000000000000556c       0x40 d:/newmounriver/mounriver/mounriver_studio/toolchain/risc-v embedded gcc/bin/../lib/gcc/riscv-none-embed/8.2.0/rv32imacxw/ilp32\libgcc.a(divdf3.o)
 .rodata.__muldf3
                0x00000000000055ac       0x40 d:/newmounriver/mounriver/mounriver_studio/toolchain/risc-v embedded gcc/bin/../lib/gcc/riscv-none-embed/8.2.0/rv32imacxw/ilp32\libgcc.a(muldf3.o)
 .rodata.__clz_tab
                0x00000000000055ec      0x100 d:/newmounriver/mounriver/mounriver_studio/toolchain/risc-v embedded gcc/bin/../lib/gcc/riscv-none-embed/8.2.0/rv32imacxw/ilp32\libgcc.a(_clz.o)
                0x00000000000055ec                __clz_tab
 *(.gnu.linkonce.t.*)
                0x00000000000056ec                . = ALIGN (0x4)

.rela.dyn       0x00000000000056ec        0x0
 .rela.init     0x00000000000056ec        0x0 ./User/ch32x035_it.o
 .rela.vector   0x00000000000056ec        0x0 ./User/ch32x035_it.o
 .rela.text.handle_reset
                0x00000000000056ec        0x0 ./User/ch32x035_it.o
 .rela.text._sbrk
                0x00000000000056ec        0x0 ./User/ch32x035_it.o
 .rela.sdata.curbrk.4333
                0x00000000000056ec        0x0 ./User/ch32x035_it.o
 .rela.text._vfprintf_r
                0x00000000000056ec        0x0 ./User/ch32x035_it.o
 .rela.text._sbrk_r
                0x00000000000056ec        0x0 ./User/ch32x035_it.o
 .rela.text._write_r
                0x00000000000056ec        0x0 ./User/ch32x035_it.o
 .rela.text._close_r
                0x00000000000056ec        0x0 ./User/ch32x035_it.o
 .rela.text._lseek_r
                0x00000000000056ec        0x0 ./User/ch32x035_it.o
 .rela.text._read_r
                0x00000000000056ec        0x0 ./User/ch32x035_it.o
 .rela.text._fstat_r
                0x00000000000056ec        0x0 ./User/ch32x035_it.o
 .rela.text._isatty_r
                0x00000000000056ec        0x0 ./User/ch32x035_it.o
 .rela.text._close
                0x00000000000056ec        0x0 ./User/ch32x035_it.o
 .rela.text._fstat
                0x00000000000056ec        0x0 ./User/ch32x035_it.o
 .rela.text._isatty
                0x00000000000056ec        0x0 ./User/ch32x035_it.o
 .rela.text._lseek
                0x00000000000056ec        0x0 ./User/ch32x035_it.o
 .rela.text._read
                0x00000000000056ec        0x0 ./User/ch32x035_it.o

.fini           0x00000000000056ec        0x0
 *(SORT_NONE(.fini))
                0x00000000000056ec                . = ALIGN (0x4)
                [!provide]                        PROVIDE (_etext = .)
                [!provide]                        PROVIDE (_eitcm = .)

.preinit_array  0x00000000000056ec        0x0
                [!provide]                        PROVIDE (__preinit_array_start = .)
 *(.preinit_array)
                [!provide]                        PROVIDE (__preinit_array_end = .)

.init_array     0x00000000000056ec        0x0
                [!provide]                        PROVIDE (__init_array_start = .)
 *(SORT_BY_INIT_PRIORITY(.init_array.*) SORT_BY_INIT_PRIORITY(.ctors.*))
 *(.init_array EXCLUDE_FILE(*crtend?.o *crtend.o *crtbegin?.o *crtbegin.o) .ctors)
                [!provide]                        PROVIDE (__init_array_end = .)

.fini_array     0x00000000000056ec        0x0
                [!provide]                        PROVIDE (__fini_array_start = .)
 *(SORT_BY_INIT_PRIORITY(.fini_array.*) SORT_BY_INIT_PRIORITY(.dtors.*))
 *(.fini_array EXCLUDE_FILE(*crtend?.o *crtend.o *crtbegin?.o *crtbegin.o) .dtors)
                [!provide]                        PROVIDE (__fini_array_end = .)

.ctors
 *crtbegin.o(.ctors)
 *crtbegin?.o(.ctors)
 *(EXCLUDE_FILE(*crtend?.o *crtend.o) .ctors)
 *(SORT_BY_NAME(.ctors.*))
 *(.ctors)

.dtors
 *crtbegin.o(.dtors)
 *crtbegin?.o(.dtors)
 *(EXCLUDE_FILE(*crtend?.o *crtend.o) .dtors)
 *(SORT_BY_NAME(.dtors.*))
 *(.dtors)

.dalign         0x0000000020000000        0x0 load address 0x00000000000056ec
                0x0000000020000000                . = ALIGN (0x4)
                0x0000000020000000                PROVIDE (_data_vma = .)

.dlalign        0x00000000000056ec        0x0
                0x00000000000056ec                . = ALIGN (0x4)
                0x00000000000056ec                PROVIDE (_data_lma = .)

.data           0x0000000020000000      0x210 load address 0x00000000000056ec
 *(.gnu.linkonce.r.*)
 *(.data .data.*)
 .data.AHBPrescTable
                0x0000000020000000       0x10 ./User/system_ch32x035.o
                0x0000000020000000                AHBPrescTable
 .data.APBAHBPrescTable
                0x0000000020000010       0x10 ./Peripheral/src/ch32x035_rcc.o
 .data.impure_data
                0x0000000020000020       0x60 d:/newmounriver/mounriver/mounriver_studio/toolchain/risc-v embedded gcc/bin/../lib/gcc/riscv-none-embed/8.2.0/../../../../riscv-none-embed/lib/rv32imacxw/ilp32\libg_nano.a(lib_a-impure.o)
 .data.__global_locale
                0x0000000020000080      0x16c d:/newmounriver/mounriver/mounriver_studio/toolchain/risc-v embedded gcc/bin/../lib/gcc/riscv-none-embed/8.2.0/../../../../riscv-none-embed/lib/rv32imacxw/ilp32\libg_nano.a(lib_a-locale.o)
                0x0000000020000080                __global_locale
 *(.gnu.linkonce.d.*)
                0x00000000200001f0                . = ALIGN (0x8)
 *fill*         0x00000000200001ec        0x4 
                0x00000000200009f0                PROVIDE (__global_pointer$ = (. + 0x800))
 *(.sdata .sdata.*)
 .sdata.SystemCoreClock
                0x00000000200001f0        0x4 ./User/system_ch32x035.o
                0x00000000200001f0                SystemCoreClock
 .sdata.CFGHR_tmpA
                0x00000000200001f4        0x4 ./Peripheral/src/ch32x035_gpio.o
                0x00000000200001f4                CFGHR_tmpA
 .sdata.CFGHR_tmpB
                0x00000000200001f8        0x4 ./Peripheral/src/ch32x035_gpio.o
                0x00000000200001f8                CFGHR_tmpB
 .sdata.CFGHR_tmpC
                0x00000000200001fc        0x4 ./Peripheral/src/ch32x035_gpio.o
                0x00000000200001fc                CFGHR_tmpC
 .sdata.curbrk.4333
                0x0000000020000200        0x4 ./Debug/debug.o
 .sdata._impure_ptr
                0x0000000020000204        0x4 d:/newmounriver/mounriver/mounriver_studio/toolchain/risc-v embedded gcc/bin/../lib/gcc/riscv-none-embed/8.2.0/../../../../riscv-none-embed/lib/rv32imacxw/ilp32\libg_nano.a(lib_a-impure.o)
                0x0000000020000204                _impure_ptr
 *(.sdata2.*)
 .sdata2._global_impure_ptr
                0x0000000020000208        0x4 d:/newmounriver/mounriver/mounriver_studio/toolchain/risc-v embedded gcc/bin/../lib/gcc/riscv-none-embed/8.2.0/../../../../riscv-none-embed/lib/rv32imacxw/ilp32\libg_nano.a(lib_a-impure.o)
                0x0000000020000208                _global_impure_ptr
 *(.gnu.linkonce.s.*)
                0x0000000020000210                . = ALIGN (0x8)
 *fill*         0x000000002000020c        0x4 
 *(.srodata.cst16)
 *(.srodata.cst8)
 *(.srodata.cst4)
 *(.srodata.cst2)
 *(.srodata .srodata.*)
                0x0000000020000210                . = ALIGN (0x4)
                0x0000000020000210                PROVIDE (_edata = .)

.bss            0x0000000020000210       0x14 load address 0x00000000000058fc
                0x0000000020000210                . = ALIGN (0x4)
                0x0000000020000210                PROVIDE (_sbss = .)
 *(.sbss*)
 .sbss.NVIC_Priority_Group
                0x0000000020000210        0x4 ./Peripheral/src/ch32x035_misc.o
                0x0000000020000210                NVIC_Priority_Group
 .sbss.p_ms     0x0000000020000214        0x2 ./Debug/debug.o
 .sbss.p_us     0x0000000020000216        0x1 ./Debug/debug.o
 *fill*         0x0000000020000217        0x1 
 .sbss.__malloc_free_list
                0x0000000020000218        0x4 d:/newmounriver/mounriver/mounriver_studio/toolchain/risc-v embedded gcc/bin/../lib/gcc/riscv-none-embed/8.2.0/../../../../riscv-none-embed/lib/rv32imacxw/ilp32\libg_nano.a(lib_a-nano-mallocr.o)
                0x0000000020000218                __malloc_free_list
 .sbss.__malloc_sbrk_start
                0x000000002000021c        0x4 d:/newmounriver/mounriver/mounriver_studio/toolchain/risc-v embedded gcc/bin/../lib/gcc/riscv-none-embed/8.2.0/../../../../riscv-none-embed/lib/rv32imacxw/ilp32\libg_nano.a(lib_a-nano-mallocr.o)
                0x000000002000021c                __malloc_sbrk_start
 *(.gnu.linkonce.sb.*)
 *(.bss*)
 *(.gnu.linkonce.b.*)
 *(COMMON*)
 COMMON         0x0000000020000220        0x4 d:/newmounriver/mounriver/mounriver_studio/toolchain/risc-v embedded gcc/bin/../lib/gcc/riscv-none-embed/8.2.0/../../../../riscv-none-embed/lib/rv32imacxw/ilp32\libg_nano.a(lib_a-reent.o)
                0x0000000020000220                errno
                0x0000000020000224                . = ALIGN (0x4)
                0x0000000020000224                PROVIDE (_ebss = .)
                0x0000000020000224                PROVIDE (_end = _ebss)
                [!provide]                        PROVIDE (end = .)

.stack          0x0000000020004800      0x800
                0x0000000020004800                PROVIDE (_heap_end = .)
                0x0000000020004800                . = ALIGN (0x4)
                [!provide]                        PROVIDE (_susrstack = .)
                0x0000000020005000                . = (. + __stack_size)
 *fill*         0x0000000020004800      0x800 
                0x0000000020005000                PROVIDE (_eusrstack = .)
OUTPUT(AnalogWatchdog.elf elf32-littleriscv)

.debug_info     0x0000000000000000     0x7191
 .debug_info    0x0000000000000000      0xbc0 ./User/ch32x035_it.o
 .debug_info    0x0000000000000bc0      0xa72 ./User/main.o
 .debug_info    0x0000000000001632      0xb56 ./User/system_ch32x035.o
 .debug_info    0x0000000000002188       0x22 ./Startup/startup_ch32x035.o
 .debug_info    0x00000000000021aa     0x11c9 ./Peripheral/src/ch32x035_gpio.o
 .debug_info    0x0000000000003373      0xe36 ./Peripheral/src/ch32x035_misc.o
 .debug_info    0x00000000000041a9      0xd8f ./Peripheral/src/ch32x035_rcc.o
 .debug_info    0x0000000000004f38     0x1333 ./Peripheral/src/ch32x035_usart.o
 .debug_info    0x000000000000626b      0xf26 ./Debug/debug.o

.debug_abbrev   0x0000000000000000     0x1632
 .debug_abbrev  0x0000000000000000      0x22c ./User/ch32x035_it.o
 .debug_abbrev  0x000000000000022c      0x24d ./User/main.o
 .debug_abbrev  0x0000000000000479      0x258 ./User/system_ch32x035.o
 .debug_abbrev  0x00000000000006d1       0x12 ./Startup/startup_ch32x035.o
 .debug_abbrev  0x00000000000006e3      0x34b ./Peripheral/src/ch32x035_gpio.o
 .debug_abbrev  0x0000000000000a2e      0x2ea ./Peripheral/src/ch32x035_misc.o
 .debug_abbrev  0x0000000000000d18      0x326 ./Peripheral/src/ch32x035_rcc.o
 .debug_abbrev  0x000000000000103e      0x312 ./Peripheral/src/ch32x035_usart.o
 .debug_abbrev  0x0000000000001350      0x2e2 ./Debug/debug.o

.debug_aranges  0x0000000000000000      0x320
 .debug_aranges
                0x0000000000000000       0x28 ./User/ch32x035_it.o
 .debug_aranges
                0x0000000000000028       0x20 ./User/main.o
 .debug_aranges
                0x0000000000000048       0x28 ./User/system_ch32x035.o
 .debug_aranges
                0x0000000000000070       0x30 ./Startup/startup_ch32x035.o
 .debug_aranges
                0x00000000000000a0       0x98 ./Peripheral/src/ch32x035_gpio.o
 .debug_aranges
                0x0000000000000138       0x28 ./Peripheral/src/ch32x035_misc.o
 .debug_aranges
                0x0000000000000160       0x80 ./Peripheral/src/ch32x035_rcc.o
 .debug_aranges
                0x00000000000001e0       0xf0 ./Peripheral/src/ch32x035_usart.o
 .debug_aranges
                0x00000000000002d0       0x50 ./Debug/debug.o

.debug_ranges   0x0000000000000000      0x2c8
 .debug_ranges  0x0000000000000000       0x18 ./User/ch32x035_it.o
 .debug_ranges  0x0000000000000018       0x10 ./User/main.o
 .debug_ranges  0x0000000000000028       0x18 ./User/system_ch32x035.o
 .debug_ranges  0x0000000000000040       0x28 ./Startup/startup_ch32x035.o
 .debug_ranges  0x0000000000000068       0x88 ./Peripheral/src/ch32x035_gpio.o
 .debug_ranges  0x00000000000000f0       0x48 ./Peripheral/src/ch32x035_misc.o
 .debug_ranges  0x0000000000000138       0x70 ./Peripheral/src/ch32x035_rcc.o
 .debug_ranges  0x00000000000001a8       0xe0 ./Peripheral/src/ch32x035_usart.o
 .debug_ranges  0x0000000000000288       0x40 ./Debug/debug.o

.debug_line     0x0000000000000000     0x41e9
 .debug_line    0x0000000000000000      0x2e6 ./User/ch32x035_it.o
 .debug_line    0x00000000000002e6      0x39c ./User/main.o
 .debug_line    0x0000000000000682      0x3c6 ./User/system_ch32x035.o
 .debug_line    0x0000000000000a48      0x155 ./Startup/startup_ch32x035.o
 .debug_line    0x0000000000000b9d     0x1300 ./Peripheral/src/ch32x035_gpio.o
 .debug_line    0x0000000000001e9d      0x45a ./Peripheral/src/ch32x035_misc.o
 .debug_line    0x00000000000022f7      0x843 ./Peripheral/src/ch32x035_rcc.o
 .debug_line    0x0000000000002b3a      0xef3 ./Peripheral/src/ch32x035_usart.o
 .debug_line    0x0000000000003a2d      0x7bc ./Debug/debug.o

.debug_str      0x0000000000000000     0x16aa
 .debug_str     0x0000000000000000      0x62d ./User/ch32x035_it.o
                                        0x696 (size before relaxing)
 .debug_str     0x000000000000062d       0xcf ./User/main.o
                                        0x662 (size before relaxing)
 .debug_str     0x00000000000006fc       0xc7 ./User/system_ch32x035.o
                                        0x6c5 (size before relaxing)
 .debug_str     0x00000000000007c3       0x61 ./Startup/startup_ch32x035.o
                                         0xae (size before relaxing)
 .debug_str     0x0000000000000824      0x3c3 ./Peripheral/src/ch32x035_gpio.o
                                        0x994 (size before relaxing)
 .debug_str     0x0000000000000be7      0x3cb ./Peripheral/src/ch32x035_misc.o
                                        0xa59 (size before relaxing)
 .debug_str     0x0000000000000fb2      0x1fb ./Peripheral/src/ch32x035_rcc.o
                                        0x898 (size before relaxing)
 .debug_str     0x00000000000011ad      0x42c ./Peripheral/src/ch32x035_usart.o
                                        0xb21 (size before relaxing)
 .debug_str     0x00000000000015d9       0xd1 ./Debug/debug.o
                                        0x922 (size before relaxing)

.comment        0x0000000000000000       0x33
 .comment       0x0000000000000000       0x33 ./User/ch32x035_it.o
                                         0x34 (size before relaxing)
 .comment       0x0000000000000033       0x34 ./User/main.o
 .comment       0x0000000000000033       0x34 ./User/system_ch32x035.o
 .comment       0x0000000000000033       0x34 ./Peripheral/src/ch32x035_gpio.o
 .comment       0x0000000000000033       0x34 ./Peripheral/src/ch32x035_misc.o
 .comment       0x0000000000000033       0x34 ./Peripheral/src/ch32x035_rcc.o
 .comment       0x0000000000000033       0x34 ./Peripheral/src/ch32x035_usart.o
 .comment       0x0000000000000033       0x34 ./Debug/debug.o

.debug_frame    0x0000000000000000     0x16cc
 .debug_frame   0x0000000000000000       0x30 ./User/ch32x035_it.o
 .debug_frame   0x0000000000000030       0x28 ./User/main.o
 .debug_frame   0x0000000000000058       0x30 ./User/system_ch32x035.o
 .debug_frame   0x0000000000000088      0x140 ./Peripheral/src/ch32x035_gpio.o
 .debug_frame   0x00000000000001c8       0x30 ./Peripheral/src/ch32x035_misc.o
 .debug_frame   0x00000000000001f8       0xfc ./Peripheral/src/ch32x035_rcc.o
 .debug_frame   0x00000000000002f4      0x1e4 ./Peripheral/src/ch32x035_usart.o
 .debug_frame   0x00000000000004d8       0xb8 ./Debug/debug.o
 .debug_frame   0x0000000000000590       0xbc d:/newmounriver/mounriver/mounriver_studio/toolchain/risc-v embedded gcc/bin/../lib/gcc/riscv-none-embed/8.2.0/../../../../riscv-none-embed/lib/rv32imacxw/ilp32\libg_nano.a(lib_a-nano-vfprintf_float.o)
 .debug_frame   0x000000000000064c       0x8c d:/newmounriver/mounriver/mounriver_studio/toolchain/risc-v embedded gcc/bin/../lib/gcc/riscv-none-embed/8.2.0/../../../../riscv-none-embed/lib/rv32imacxw/ilp32\libg_nano.a(lib_a-nano-vfprintf_i.o)
 .debug_frame   0x00000000000006d8       0x54 d:/newmounriver/mounriver/mounriver_studio/toolchain/risc-v embedded gcc/bin/../lib/gcc/riscv-none-embed/8.2.0/../../../../riscv-none-embed/lib/rv32imacxw/ilp32\libg_nano.a(lib_a-printf.o)
 .debug_frame   0x000000000000072c       0x20 d:/newmounriver/mounriver/mounriver_studio/toolchain/risc-v embedded gcc/bin/../lib/gcc/riscv-none-embed/8.2.0/../../../../riscv-none-embed/lib/rv32imacxw/ilp32\libg_nano.a(lib_a-strlen.o)
 .debug_frame   0x000000000000074c       0x98 d:/newmounriver/mounriver/mounriver_studio/toolchain/risc-v embedded gcc/bin/../lib/gcc/riscv-none-embed/8.2.0/../../../../riscv-none-embed/lib/rv32imacxw/ilp32\libg_nano.a(lib_a-dtoa.o)
 .debug_frame   0x00000000000007e4      0x148 d:/newmounriver/mounriver/mounriver_studio/toolchain/risc-v embedded gcc/bin/../lib/gcc/riscv-none-embed/8.2.0/../../../../riscv-none-embed/lib/rv32imacxw/ilp32\libg_nano.a(lib_a-findfp.o)
 .debug_frame   0x000000000000092c       0x88 d:/newmounriver/mounriver/mounriver_studio/toolchain/risc-v embedded gcc/bin/../lib/gcc/riscv-none-embed/8.2.0/../../../../riscv-none-embed/lib/rv32imacxw/ilp32\libg_nano.a(lib_a-fwalk.o)
 .debug_frame   0x00000000000009b4       0x40 d:/newmounriver/mounriver/mounriver_studio/toolchain/risc-v embedded gcc/bin/../lib/gcc/riscv-none-embed/8.2.0/../../../../riscv-none-embed/lib/rv32imacxw/ilp32\libg_nano.a(lib_a-localeconv.o)
 .debug_frame   0x00000000000009f4       0x30 d:/newmounriver/mounriver/mounriver_studio/toolchain/risc-v embedded gcc/bin/../lib/gcc/riscv-none-embed/8.2.0/../../../../riscv-none-embed/lib/rv32imacxw/ilp32\libg_nano.a(lib_a-malloc.o)
 .debug_frame   0x0000000000000a24       0x20 d:/newmounriver/mounriver/mounriver_studio/toolchain/risc-v embedded gcc/bin/../lib/gcc/riscv-none-embed/8.2.0/../../../../riscv-none-embed/lib/rv32imacxw/ilp32\libg_nano.a(lib_a-memchr.o)
 .debug_frame   0x0000000000000a44       0x20 d:/newmounriver/mounriver/mounriver_studio/toolchain/risc-v embedded gcc/bin/../lib/gcc/riscv-none-embed/8.2.0/../../../../riscv-none-embed/lib/rv32imacxw/ilp32\libg_nano.a(lib_a-memcpy.o)
 .debug_frame   0x0000000000000a64      0x2e0 d:/newmounriver/mounriver/mounriver_studio/toolchain/risc-v embedded gcc/bin/../lib/gcc/riscv-none-embed/8.2.0/../../../../riscv-none-embed/lib/rv32imacxw/ilp32\libg_nano.a(lib_a-mprec.o)
 .debug_frame   0x0000000000000d44       0x30 d:/newmounriver/mounriver/mounriver_studio/toolchain/risc-v embedded gcc/bin/../lib/gcc/riscv-none-embed/8.2.0/../../../../riscv-none-embed/lib/rv32imacxw/ilp32\libg_nano.a(lib_a-nano-callocr.o)
 .debug_frame   0x0000000000000d74       0x40 d:/newmounriver/mounriver/mounriver_studio/toolchain/risc-v embedded gcc/bin/../lib/gcc/riscv-none-embed/8.2.0/../../../../riscv-none-embed/lib/rv32imacxw/ilp32\libg_nano.a(lib_a-nano-freer.o)
 .debug_frame   0x0000000000000db4       0x40 d:/newmounriver/mounriver/mounriver_studio/toolchain/risc-v embedded gcc/bin/../lib/gcc/riscv-none-embed/8.2.0/../../../../riscv-none-embed/lib/rv32imacxw/ilp32\libg_nano.a(lib_a-nano-mallocr.o)
 .debug_frame   0x0000000000000df4       0xd0 d:/newmounriver/mounriver/mounriver_studio/toolchain/risc-v embedded gcc/bin/../lib/gcc/riscv-none-embed/8.2.0/../../../../riscv-none-embed/lib/rv32imacxw/ilp32\libg_nano.a(lib_a-nano-vfprintf.o)
 .debug_frame   0x0000000000000ec4       0x30 d:/newmounriver/mounriver/mounriver_studio/toolchain/risc-v embedded gcc/bin/../lib/gcc/riscv-none-embed/8.2.0/../../../../riscv-none-embed/lib/rv32imacxw/ilp32\libg_nano.a(lib_a-sbrkr.o)
 .debug_frame   0x0000000000000ef4       0xa4 d:/newmounriver/mounriver/mounriver_studio/toolchain/risc-v embedded gcc/bin/../lib/gcc/riscv-none-embed/8.2.0/../../../../riscv-none-embed/lib/rv32imacxw/ilp32\libg_nano.a(lib_a-stdio.o)
 .debug_frame   0x0000000000000f98       0x50 d:/newmounriver/mounriver/mounriver_studio/toolchain/risc-v embedded gcc/bin/../lib/gcc/riscv-none-embed/8.2.0/../../../../riscv-none-embed/lib/rv32imacxw/ilp32\libg_nano.a(lib_a-wbuf.o)
 .debug_frame   0x0000000000000fe8       0x30 d:/newmounriver/mounriver/mounriver_studio/toolchain/risc-v embedded gcc/bin/../lib/gcc/riscv-none-embed/8.2.0/../../../../riscv-none-embed/lib/rv32imacxw/ilp32\libg_nano.a(lib_a-writer.o)
 .debug_frame   0x0000000000001018       0x3c d:/newmounriver/mounriver/mounriver_studio/toolchain/risc-v embedded gcc/bin/../lib/gcc/riscv-none-embed/8.2.0/../../../../riscv-none-embed/lib/rv32imacxw/ilp32\libg_nano.a(lib_a-wsetup.o)
 .debug_frame   0x0000000000001054       0x30 d:/newmounriver/mounriver/mounriver_studio/toolchain/risc-v embedded gcc/bin/../lib/gcc/riscv-none-embed/8.2.0/../../../../riscv-none-embed/lib/rv32imacxw/ilp32\libg_nano.a(lib_a-closer.o)
 .debug_frame   0x0000000000001084       0x7c d:/newmounriver/mounriver/mounriver_studio/toolchain/risc-v embedded gcc/bin/../lib/gcc/riscv-none-embed/8.2.0/../../../../riscv-none-embed/lib/rv32imacxw/ilp32\libg_nano.a(lib_a-fflush.o)
 .debug_frame   0x0000000000001100       0x78 d:/newmounriver/mounriver/mounriver_studio/toolchain/risc-v embedded gcc/bin/../lib/gcc/riscv-none-embed/8.2.0/../../../../riscv-none-embed/lib/rv32imacxw/ilp32\libg_nano.a(lib_a-locale.o)
 .debug_frame   0x0000000000001178       0x30 d:/newmounriver/mounriver/mounriver_studio/toolchain/risc-v embedded gcc/bin/../lib/gcc/riscv-none-embed/8.2.0/../../../../riscv-none-embed/lib/rv32imacxw/ilp32\libg_nano.a(lib_a-lseekr.o)
 .debug_frame   0x00000000000011a8       0x64 d:/newmounriver/mounriver/mounriver_studio/toolchain/risc-v embedded gcc/bin/../lib/gcc/riscv-none-embed/8.2.0/../../../../riscv-none-embed/lib/rv32imacxw/ilp32\libg_nano.a(lib_a-makebuf.o)
 .debug_frame   0x000000000000120c       0x38 d:/newmounriver/mounriver/mounriver_studio/toolchain/risc-v embedded gcc/bin/../lib/gcc/riscv-none-embed/8.2.0/../../../../riscv-none-embed/lib/rv32imacxw/ilp32\libg_nano.a(lib_a-mbtowc_r.o)
 .debug_frame   0x0000000000001244       0x30 d:/newmounriver/mounriver/mounriver_studio/toolchain/risc-v embedded gcc/bin/../lib/gcc/riscv-none-embed/8.2.0/../../../../riscv-none-embed/lib/rv32imacxw/ilp32\libg_nano.a(lib_a-mlock.o)
 .debug_frame   0x0000000000001274       0x30 d:/newmounriver/mounriver/mounriver_studio/toolchain/risc-v embedded gcc/bin/../lib/gcc/riscv-none-embed/8.2.0/../../../../riscv-none-embed/lib/rv32imacxw/ilp32\libg_nano.a(lib_a-readr.o)
 .debug_frame   0x00000000000012a4       0x70 d:/newmounriver/mounriver/mounriver_studio/toolchain/risc-v embedded gcc/bin/../lib/gcc/riscv-none-embed/8.2.0/../../../../riscv-none-embed/lib/rv32imacxw/ilp32\libg_nano.a(lib_a-reent.o)
 .debug_frame   0x0000000000001314       0x30 d:/newmounriver/mounriver/mounriver_studio/toolchain/risc-v embedded gcc/bin/../lib/gcc/riscv-none-embed/8.2.0/../../../../riscv-none-embed/lib/rv32imacxw/ilp32\libg_nano.a(lib_a-wctomb_r.o)
 .debug_frame   0x0000000000001344       0x30 d:/newmounriver/mounriver/mounriver_studio/toolchain/risc-v embedded gcc/bin/../lib/gcc/riscv-none-embed/8.2.0/../../../../riscv-none-embed/lib/rv32imacxw/ilp32\libg_nano.a(lib_a-fstatr.o)
 .debug_frame   0x0000000000001374       0x30 d:/newmounriver/mounriver/mounriver_studio/toolchain/risc-v embedded gcc/bin/../lib/gcc/riscv-none-embed/8.2.0/../../../../riscv-none-embed/lib/rv32imacxw/ilp32\libg_nano.a(lib_a-isattyr.o)
 .debug_frame   0x00000000000013a4       0x44 d:/newmounriver/mounriver/mounriver_studio/toolchain/risc-v embedded gcc/bin/../lib/gcc/riscv-none-embed/8.2.0/rv32imacxw/ilp32\libgcc.a(adddf3.o)
 .debug_frame   0x00000000000013e8       0x50 d:/newmounriver/mounriver/mounriver_studio/toolchain/risc-v embedded gcc/bin/../lib/gcc/riscv-none-embed/8.2.0/rv32imacxw/ilp32\libgcc.a(divdf3.o)
 .debug_frame   0x0000000000001438       0x20 d:/newmounriver/mounriver/mounriver_studio/toolchain/risc-v embedded gcc/bin/../lib/gcc/riscv-none-embed/8.2.0/rv32imacxw/ilp32\libgcc.a(eqdf2.o)
 .debug_frame   0x0000000000001458       0x20 d:/newmounriver/mounriver/mounriver_studio/toolchain/risc-v embedded gcc/bin/../lib/gcc/riscv-none-embed/8.2.0/rv32imacxw/ilp32\libgcc.a(gedf2.o)
 .debug_frame   0x0000000000001478       0x20 d:/newmounriver/mounriver/mounriver_studio/toolchain/risc-v embedded gcc/bin/../lib/gcc/riscv-none-embed/8.2.0/rv32imacxw/ilp32\libgcc.a(ledf2.o)
 .debug_frame   0x0000000000001498       0x54 d:/newmounriver/mounriver/mounriver_studio/toolchain/risc-v embedded gcc/bin/../lib/gcc/riscv-none-embed/8.2.0/rv32imacxw/ilp32\libgcc.a(muldf3.o)
 .debug_frame   0x00000000000014ec       0x44 d:/newmounriver/mounriver/mounriver_studio/toolchain/risc-v embedded gcc/bin/../lib/gcc/riscv-none-embed/8.2.0/rv32imacxw/ilp32\libgcc.a(subdf3.o)
 .debug_frame   0x0000000000001530       0x20 d:/newmounriver/mounriver/mounriver_studio/toolchain/risc-v embedded gcc/bin/../lib/gcc/riscv-none-embed/8.2.0/rv32imacxw/ilp32\libgcc.a(unorddf2.o)
 .debug_frame   0x0000000000001550       0x20 d:/newmounriver/mounriver/mounriver_studio/toolchain/risc-v embedded gcc/bin/../lib/gcc/riscv-none-embed/8.2.0/rv32imacxw/ilp32\libgcc.a(fixdfsi.o)
 .debug_frame   0x0000000000001570       0x38 d:/newmounriver/mounriver/mounriver_studio/toolchain/risc-v embedded gcc/bin/../lib/gcc/riscv-none-embed/8.2.0/rv32imacxw/ilp32\libgcc.a(floatsidf.o)
 .debug_frame   0x00000000000015a8       0x38 d:/newmounriver/mounriver/mounriver_studio/toolchain/risc-v embedded gcc/bin/../lib/gcc/riscv-none-embed/8.2.0/rv32imacxw/ilp32\libgcc.a(floatunsidf.o)
 .debug_frame   0x00000000000015e0       0x2c d:/newmounriver/mounriver/mounriver_studio/toolchain/risc-v embedded gcc/bin/../lib/gcc/riscv-none-embed/8.2.0/rv32imacxw/ilp32\libgcc.a(trunctfdf2.o)
 .debug_frame   0x000000000000160c       0x20 d:/newmounriver/mounriver/mounriver_studio/toolchain/risc-v embedded gcc/bin/../lib/gcc/riscv-none-embed/8.2.0/rv32imacxw/ilp32\libgcc.a(_clzsi2.o)
 .debug_frame   0x000000000000162c       0x20 d:/newmounriver/mounriver/mounriver_studio/toolchain/risc-v embedded gcc/bin/../lib/gcc/riscv-none-embed/8.2.0/../../../../riscv-none-embed/lib/rv32imacxw/ilp32\libnosys.a(close.o)
 .debug_frame   0x000000000000164c       0x20 d:/newmounriver/mounriver/mounriver_studio/toolchain/risc-v embedded gcc/bin/../lib/gcc/riscv-none-embed/8.2.0/../../../../riscv-none-embed/lib/rv32imacxw/ilp32\libnosys.a(fstat.o)
 .debug_frame   0x000000000000166c       0x20 d:/newmounriver/mounriver/mounriver_studio/toolchain/risc-v embedded gcc/bin/../lib/gcc/riscv-none-embed/8.2.0/../../../../riscv-none-embed/lib/rv32imacxw/ilp32\libnosys.a(isatty.o)
 .debug_frame   0x000000000000168c       0x20 d:/newmounriver/mounriver/mounriver_studio/toolchain/risc-v embedded gcc/bin/../lib/gcc/riscv-none-embed/8.2.0/../../../../riscv-none-embed/lib/rv32imacxw/ilp32\libnosys.a(lseek.o)
 .debug_frame   0x00000000000016ac       0x20 d:/newmounriver/mounriver/mounriver_studio/toolchain/risc-v embedded gcc/bin/../lib/gcc/riscv-none-embed/8.2.0/../../../../riscv-none-embed/lib/rv32imacxw/ilp32\libnosys.a(read.o)

.debug_loc      0x0000000000000000     0x1489
 .debug_loc     0x0000000000000000       0x1f ./User/system_ch32x035.o
 .debug_loc     0x000000000000001f      0x863 ./Peripheral/src/ch32x035_gpio.o
 .debug_loc     0x0000000000000882       0x2d ./Peripheral/src/ch32x035_misc.o
 .debug_loc     0x00000000000008af      0x34e ./Peripheral/src/ch32x035_rcc.o
 .debug_loc     0x0000000000000bfd      0x715 ./Peripheral/src/ch32x035_usart.o
 .debug_loc     0x0000000000001312      0x177 ./Debug/debug.o

.stab           0x0000000000000000       0x84
 .stab          0x0000000000000000       0x24 d:/newmounriver/mounriver/mounriver_studio/toolchain/risc-v embedded gcc/bin/../lib/gcc/riscv-none-embed/8.2.0/../../../../riscv-none-embed/lib/rv32imacxw/ilp32\libnosys.a(close.o)
 .stab          0x0000000000000024       0x18 d:/newmounriver/mounriver/mounriver_studio/toolchain/risc-v embedded gcc/bin/../lib/gcc/riscv-none-embed/8.2.0/../../../../riscv-none-embed/lib/rv32imacxw/ilp32\libnosys.a(fstat.o)
                                         0x24 (size before relaxing)
 .stab          0x000000000000003c       0x18 d:/newmounriver/mounriver/mounriver_studio/toolchain/risc-v embedded gcc/bin/../lib/gcc/riscv-none-embed/8.2.0/../../../../riscv-none-embed/lib/rv32imacxw/ilp32\libnosys.a(isatty.o)
                                         0x24 (size before relaxing)
 .stab          0x0000000000000054       0x18 d:/newmounriver/mounriver/mounriver_studio/toolchain/risc-v embedded gcc/bin/../lib/gcc/riscv-none-embed/8.2.0/../../../../riscv-none-embed/lib/rv32imacxw/ilp32\libnosys.a(lseek.o)
                                         0x24 (size before relaxing)
 .stab          0x000000000000006c       0x18 d:/newmounriver/mounriver/mounriver_studio/toolchain/risc-v embedded gcc/bin/../lib/gcc/riscv-none-embed/8.2.0/../../../../riscv-none-embed/lib/rv32imacxw/ilp32\libnosys.a(read.o)
                                         0x24 (size before relaxing)

.stabstr        0x0000000000000000      0x117
 .stabstr       0x0000000000000000      0x117 d:/newmounriver/mounriver/mounriver_studio/toolchain/risc-v embedded gcc/bin/../lib/gcc/riscv-none-embed/8.2.0/../../../../riscv-none-embed/lib/rv32imacxw/ilp32\libnosys.a(close.o)
